// Jest Snapshot v1, https://goo.gl/fbAQLP

exports[`renders ./components/drawer/demo/basic.md correctly 1`] = `
<div>
  <div
    class="am-navbar am-navbar-dark"
  >
    <div
      class="am-navbar-left"
    >
      <span
        class="am-navbar-left-icon"
      >
        <svg
          class="am-icon am-icon-ellipsis am-icon-md"
        >
          <use
            xlink:href="#ellipsis"
          />
        </svg>
      </span>
      <span
        class="am-navbar-left-content"
      />
    </div>
    <div
      class="am-navbar-title"
    >
      基本
    </div>
    <div
      class="am-navbar-right"
    />
  </div>
  <div
    class="my-drawer am-drawer am-drawer-left"
    style="min-height:-200px;"
  >
    <div
      class="am-drawer-sidebar"
    >
      <div
        class="am-list"
      >
        <div
          class="am-list-body"
        >
          <div
            class="am-list-item am-list-item-middle"
          >
            <div
              class="am-list-thumb"
            >
              <img
                src="https://zos.alipayobjects.com/rmsportal/eOZidTabPoEbPeU.png"
              />
            </div>
            <div
              class="am-list-line am-list-line-multiple"
            >
              <div
                class="am-list-content"
              >
                分类
              </div>
            </div>
          </div>
          <div
            class="am-list-item am-list-item-middle"
          >
            <div
              class="am-list-thumb"
            >
              <img
                src="https://zos.alipayobjects.com/rmsportal/eOZidTabPoEbPeU.png"
              />
            </div>
            <div
              class="am-list-line"
            >
              <div
                class="am-list-content"
              >
                分类1
              </div>
            </div>
          </div>
          <div
            class="am-list-item am-list-item-middle"
          >
            <div
              class="am-list-thumb"
            >
              <img
                src="https://zos.alipayobjects.com/rmsportal/eOZidTabPoEbPeU.png"
              />
            </div>
            <div
              class="am-list-line"
            >
              <div
                class="am-list-content"
              >
                分类2
              </div>
            </div>
          </div>
          <div
            class="am-list-item am-list-item-middle"
          >
            <div
              class="am-list-thumb"
            >
              <img
                src="https://zos.alipayobjects.com/rmsportal/eOZidTabPoEbPeU.png"
              />
            </div>
            <div
              class="am-list-line"
            >
              <div
                class="am-list-content"
              >
                分类3
              </div>
            </div>
          </div>
          <div
            class="am-list-item am-list-item-middle"
          >
            <div
              class="am-list-thumb"
            >
              <img
                src="https://zos.alipayobjects.com/rmsportal/eOZidTabPoEbPeU.png"
              />
            </div>
            <div
              class="am-list-line"
            >
              <div
                class="am-list-content"
              >
                分类4
              </div>
            </div>
          </div>
          <div
            class="am-list-item am-list-item-middle"
          >
            <div
              class="am-list-thumb"
            >
              <img
                src="https://zos.alipayobjects.com/rmsportal/eOZidTabPoEbPeU.png"
              />
            </div>
            <div
              class="am-list-line"
            >
              <div
                class="am-list-content"
              >
                分类5
              </div>
            </div>
          </div>
          <div
            class="am-list-item am-list-item-middle"
          >
            <div
              class="am-list-thumb"
            >
              <img
                src="https://zos.alipayobjects.com/rmsportal/eOZidTabPoEbPeU.png"
              />
            </div>
            <div
              class="am-list-line"
            >
              <div
                class="am-list-content"
              >
                分类6
              </div>
            </div>
          </div>
          <div
            class="am-list-item am-list-item-middle"
          >
            <div
              class="am-list-thumb"
            >
              <img
                src="https://zos.alipayobjects.com/rmsportal/eOZidTabPoEbPeU.png"
              />
            </div>
            <div
              class="am-list-line"
            >
              <div
                class="am-list-content"
              >
                分类7
              </div>
            </div>
          </div>
          <div
            class="am-list-item am-list-item-middle"
          >
            <div
              class="am-list-thumb"
            >
              <img
                src="https://zos.alipayobjects.com/rmsportal/eOZidTabPoEbPeU.png"
              />
            </div>
            <div
              class="am-list-line"
            >
              <div
                class="am-list-content"
              >
                分类8
              </div>
            </div>
          </div>
          <div
            class="am-list-item am-list-item-middle"
          >
            <div
              class="am-list-thumb"
            >
              <img
                src="https://zos.alipayobjects.com/rmsportal/eOZidTabPoEbPeU.png"
              />
            </div>
            <div
              class="am-list-line"
            >
              <div
                class="am-list-content"
              >
                分类9
              </div>
            </div>
          </div>
          <div
            class="am-list-item am-list-item-middle"
          >
            <div
              class="am-list-thumb"
            >
              <img
                src="https://zos.alipayobjects.com/rmsportal/eOZidTabPoEbPeU.png"
              />
            </div>
            <div
              class="am-list-line"
            >
              <div
                class="am-list-content"
              >
                分类10
              </div>
            </div>
          </div>
          <div
            class="am-list-item am-list-item-middle"
          >
            <div
              class="am-list-thumb"
            >
              <img
                src="https://zos.alipayobjects.com/rmsportal/eOZidTabPoEbPeU.png"
              />
            </div>
            <div
              class="am-list-line"
            >
              <div
                class="am-list-content"
              >
                分类11
              </div>
            </div>
          </div>
          <div
            class="am-list-item am-list-item-middle"
          >
            <div
              class="am-list-thumb"
            >
              <img
                src="https://zos.alipayobjects.com/rmsportal/eOZidTabPoEbPeU.png"
              />
            </div>
            <div
              class="am-list-line"
            >
              <div
                class="am-list-content"
              >
                分类12
              </div>
            </div>
          </div>
          <div
            class="am-list-item am-list-item-middle"
          >
            <div
              class="am-list-thumb"
            >
              <img
                src="https://zos.alipayobjects.com/rmsportal/eOZidTabPoEbPeU.png"
              />
            </div>
            <div
              class="am-list-line"
            >
              <div
                class="am-list-content"
              >
                分类13
              </div>
            </div>
          </div>
          <div
            class="am-list-item am-list-item-middle"
          >
            <div
              class="am-list-thumb"
            >
              <img
                src="https://zos.alipayobjects.com/rmsportal/eOZidTabPoEbPeU.png"
              />
            </div>
            <div
              class="am-list-line"
            >
              <div
                class="am-list-content"
              >
                分类14
              </div>
            </div>
          </div>
          <div
            class="am-list-item am-list-item-middle"
          >
            <div
              class="am-list-thumb"
            >
              <img
                src="https://zos.alipayobjects.com/rmsportal/eOZidTabPoEbPeU.png"
              />
            </div>
            <div
              class="am-list-line"
            >
              <div
                class="am-list-content"
              >
                分类15
              </div>
            </div>
          </div>
          <div
            class="am-list-item am-list-item-middle"
          >
            <div
              class="am-list-thumb"
            >
              <img
                src="https://zos.alipayobjects.com/rmsportal/eOZidTabPoEbPeU.png"
              />
            </div>
            <div
              class="am-list-line"
            >
              <div
                class="am-list-content"
              >
                分类16
              </div>
            </div>
          </div>
          <div
            class="am-list-item am-list-item-middle"
          >
            <div
              class="am-list-thumb"
            >
              <img
                src="https://zos.alipayobjects.com/rmsportal/eOZidTabPoEbPeU.png"
              />
            </div>
            <div
              class="am-list-line"
            >
              <div
                class="am-list-content"
              >
                分类17
              </div>
            </div>
          </div>
          <div
            class="am-list-item am-list-item-middle"
          >
            <div
              class="am-list-thumb"
            >
              <img
                src="https://zos.alipayobjects.com/rmsportal/eOZidTabPoEbPeU.png"
              />
            </div>
            <div
              class="am-list-line"
            >
              <div
                class="am-list-content"
              >
                分类18
              </div>
            </div>
          </div>
          <div
            class="am-list-item am-list-item-middle"
          >
            <div
              class="am-list-thumb"
            >
              <img
                src="https://zos.alipayobjects.com/rmsportal/eOZidTabPoEbPeU.png"
              />
            </div>
            <div
              class="am-list-line"
            >
              <div
                class="am-list-content"
              >
                分类19
              </div>
            </div>
          </div>
        </div>
      </div>
    </div>
    <div
      class="am-drawer-overlay"
      role="presentation"
    />
    <div
      class="am-drawer-content"
      style="color:#A6A6A6;text-align:center;padding-top:42px;"
    >
      请点击左上角图标
    </div>
  </div>
</div>
`;

exports[`renders ./components/drawer/demo/dock.md correctly 1`] = `
<div
  style="height:100%;"
>
  <div
    class="am-navbar am-navbar-dark"
  >
    <div
      class="am-navbar-left"
    >
      <span
        class="am-navbar-left-icon"
      >
        <svg
          class="am-icon am-icon-ellipsis am-icon-md"
        >
          <use
            xlink:href="#ellipsis"
          />
        </svg>
      </span>
      <span
        class="am-navbar-left-content"
      />
    </div>
    <div
      class="am-navbar-title"
    >
      嵌入文档
    </div>
    <div
      class="am-navbar-right"
    />
  </div>
  <div
    class="my-drawer am-drawer am-drawer-left"
    style="min-height:-200px;"
  >
    <div
      class="am-drawer-sidebar"
      style="border:1px solid #ddd;"
    >
      <div
        class="am-list"
      >
        <div
          class="am-list-body"
        >
          <div
            class="am-list-item am-list-item-middle"
          >
            <div
              class="am-list-thumb"
            >
              <img
                src="https://zos.alipayobjects.com/rmsportal/eOZidTabPoEbPeU.png"
              />
            </div>
            <div
              class="am-list-line am-list-line-multiple"
            >
              <div
                class="am-list-content"
              >
                分类
              </div>
            </div>
          </div>
          <div
            class="am-list-item am-list-item-middle"
          >
            <div
              class="am-list-thumb"
            >
              <img
                src="https://zos.alipayobjects.com/rmsportal/eOZidTabPoEbPeU.png"
              />
            </div>
            <div
              class="am-list-line"
            >
              <div
                class="am-list-content"
              >
                分类1
              </div>
            </div>
          </div>
          <div
            class="am-list-item am-list-item-middle"
          >
            <div
              class="am-list-thumb"
            >
              <img
                src="https://zos.alipayobjects.com/rmsportal/eOZidTabPoEbPeU.png"
              />
            </div>
            <div
              class="am-list-line"
            >
              <div
                class="am-list-content"
              >
                分类2
              </div>
            </div>
          </div>
          <div
            class="am-list-item am-list-item-middle"
          >
            <div
              class="am-list-thumb"
            >
              <img
                src="https://zos.alipayobjects.com/rmsportal/eOZidTabPoEbPeU.png"
              />
            </div>
            <div
              class="am-list-line"
            >
              <div
                class="am-list-content"
              >
                分类3
              </div>
            </div>
          </div>
          <div
            class="am-list-item am-list-item-middle"
          >
            <div
              class="am-list-thumb"
            >
              <img
                src="https://zos.alipayobjects.com/rmsportal/eOZidTabPoEbPeU.png"
              />
            </div>
            <div
              class="am-list-line"
            >
              <div
                class="am-list-content"
              >
                分类4
              </div>
            </div>
          </div>
          <div
            class="am-list-item am-list-item-middle"
          >
            <div
              class="am-list-thumb"
            >
              <img
                src="https://zos.alipayobjects.com/rmsportal/eOZidTabPoEbPeU.png"
              />
            </div>
            <div
              class="am-list-line"
            >
              <div
                class="am-list-content"
              >
                分类5
              </div>
            </div>
          </div>
          <div
            class="am-list-item am-list-item-middle"
          >
            <div
              class="am-list-thumb"
            >
              <img
                src="https://zos.alipayobjects.com/rmsportal/eOZidTabPoEbPeU.png"
              />
            </div>
            <div
              class="am-list-line"
            >
              <div
                class="am-list-content"
              >
                分类6
              </div>
            </div>
          </div>
          <div
            class="am-list-item am-list-item-middle"
          >
            <div
              class="am-list-thumb"
            >
              <img
                src="https://zos.alipayobjects.com/rmsportal/eOZidTabPoEbPeU.png"
              />
            </div>
            <div
              class="am-list-line"
            >
              <div
                class="am-list-content"
              >
                分类7
              </div>
            </div>
          </div>
          <div
            class="am-list-item am-list-item-middle"
          >
            <div
              class="am-list-thumb"
            >
              <img
                src="https://zos.alipayobjects.com/rmsportal/eOZidTabPoEbPeU.png"
              />
            </div>
            <div
              class="am-list-line"
            >
              <div
                class="am-list-content"
              >
                分类8
              </div>
            </div>
          </div>
          <div
            class="am-list-item am-list-item-middle"
          >
            <div
              class="am-list-thumb"
            >
              <img
                src="https://zos.alipayobjects.com/rmsportal/eOZidTabPoEbPeU.png"
              />
            </div>
            <div
              class="am-list-line"
            >
              <div
                class="am-list-content"
              >
                分类9
              </div>
            </div>
          </div>
          <div
            class="am-list-item am-list-item-middle"
          >
            <div
              class="am-list-thumb"
            >
              <img
                src="https://zos.alipayobjects.com/rmsportal/eOZidTabPoEbPeU.png"
              />
            </div>
            <div
              class="am-list-line"
            >
              <div
                class="am-list-content"
              >
                分类10
              </div>
            </div>
          </div>
          <div
            class="am-list-item am-list-item-middle"
          >
            <div
              class="am-list-thumb"
            >
              <img
                src="https://zos.alipayobjects.com/rmsportal/eOZidTabPoEbPeU.png"
              />
            </div>
            <div
              class="am-list-line"
            >
              <div
                class="am-list-content"
              >
                分类11
              </div>
            </div>
          </div>
          <div
            class="am-list-item am-list-item-middle"
          >
            <div
              class="am-list-thumb"
            >
              <img
                src="https://zos.alipayobjects.com/rmsportal/eOZidTabPoEbPeU.png"
              />
            </div>
            <div
              class="am-list-line"
            >
              <div
                class="am-list-content"
              >
                分类12
              </div>
            </div>
          </div>
          <div
            class="am-list-item am-list-item-middle"
          >
            <div
              class="am-list-thumb"
            >
              <img
                src="https://zos.alipayobjects.com/rmsportal/eOZidTabPoEbPeU.png"
              />
            </div>
            <div
              class="am-list-line"
            >
              <div
                class="am-list-content"
              >
                分类13
              </div>
            </div>
          </div>
          <div
            class="am-list-item am-list-item-middle"
          >
            <div
              class="am-list-thumb"
            >
              <img
                src="https://zos.alipayobjects.com/rmsportal/eOZidTabPoEbPeU.png"
              />
            </div>
            <div
              class="am-list-line"
            >
              <div
                class="am-list-content"
              >
                分类14
              </div>
            </div>
          </div>
          <div
            class="am-list-item am-list-item-middle"
          >
            <div
              class="am-list-thumb"
            >
              <img
                src="https://zos.alipayobjects.com/rmsportal/eOZidTabPoEbPeU.png"
              />
            </div>
            <div
              class="am-list-line"
            >
              <div
                class="am-list-content"
              >
                分类15
              </div>
            </div>
          </div>
          <div
            class="am-list-item am-list-item-middle"
          >
            <div
              class="am-list-thumb"
            >
              <img
                src="https://zos.alipayobjects.com/rmsportal/eOZidTabPoEbPeU.png"
              />
            </div>
            <div
              class="am-list-line"
            >
              <div
                class="am-list-content"
              >
                分类16
              </div>
            </div>
          </div>
          <div
            class="am-list-item am-list-item-middle"
          >
            <div
              class="am-list-thumb"
            >
              <img
                src="https://zos.alipayobjects.com/rmsportal/eOZidTabPoEbPeU.png"
              />
            </div>
            <div
              class="am-list-line"
            >
              <div
                class="am-list-content"
              >
                分类17
              </div>
            </div>
          </div>
          <div
            class="am-list-item am-list-item-middle"
          >
            <div
              class="am-list-thumb"
            >
              <img
                src="https://zos.alipayobjects.com/rmsportal/eOZidTabPoEbPeU.png"
              />
            </div>
            <div
              class="am-list-line"
            >
              <div
                class="am-list-content"
              >
                分类18
              </div>
            </div>
          </div>
          <div
            class="am-list-item am-list-item-middle"
          >
            <div
              class="am-list-thumb"
            >
              <img
                src="https://zos.alipayobjects.com/rmsportal/eOZidTabPoEbPeU.png"
              />
            </div>
            <div
              class="am-list-line"
            >
              <div
                class="am-list-content"
              >
                分类19
              </div>
            </div>
          </div>
        </div>
      </div>
    </div>
    <div
      class="am-drawer-overlay"
      role="presentation"
    />
    <div
      class="am-drawer-content"
      style="color:#A6A6A6;text-align:center;padding-top:42px;"
    >
      请点击左上角图标
    </div>
  </div>
</div>
`;
